// Jest Snapshot v1, https://goo.gl/fbAQLP

exports[`<PickupDetails /> should render and match the snapshot 1`] = `
<View
  pointerEvents="box-none"
  style={
    Object {
      "flex": 1,
    }
  }
>
  <View
    collapsable={true}
    pointerEvents="box-none"
    style={
      Object {
        "flex": 1,
      }
    }
  >
    <View
      accessibilityIgnoresInvertColors={true}
      style={
        Object {
          "alignItems": "center",
          "display": "flex",
          "flex": 1,
          "justifyContent": "center",
        }
      }
    >
      <Image
        resizeMode="cover"
        source={
          Object {
            "testUri": "../../../app/assets/images/Pickupdetails.png",
          }
        }
        style={
          Array [
            Object {
              "bottom": 0,
              "left": 0,
              "position": "absolute",
              "right": 0,
              "top": 0,
            },
            Object {
              "height": undefined,
              "width": undefined,
            },
            undefined,
          ]
        }
      />
      <View
        style={
          Object {
            "alignItems": "flex-end",
            "display": "flex",
            "flex": 1,
            "justifyContent": "center",
            "marginLeft": 25.142857142857142,
            "marginTop": 125.71428571428571,
          }
        }
      >
        <Text
          style={
            Object {
              "color": "rgb(255,255,255)",
              "height": 25.142857142857142,
              "marginRight": 50.285714285714285,
              "marginTop": 7.542857142857143,
            }
          }
        >
          Jhon Smith
        </Text>
        <View
          style={
            Object {
              "borderTopColor": "rgb(255,255,255)",
              "borderTopWidth": 1,
              "height": 0,
              "marginRight": 50.285714285714285,
              "marginTop": 7.542857142857143,
              "width": 103.08571428571427,
            }
          }
        />
        <Text
          style={
            Object {
              "color": "rgb(255,255,255)",
              "fontSize": 28.160000000000004,
              "marginLeft": 10.057142857142857,
              "marginRight": 336.9142857142857,
              "marginTop": 7.542857142857143,
            }
          }
        >
          Delivery Details
        </Text>
        <View
          style={
            Object {
              "borderBottomColor": "rgb(255,255,255)",
              "borderBottomWidth": 1,
            }
          }
        />
        <View
          style={
            Object {
              "backgroundColor": "rgb(255,255,255)",
              "borderRadius": 8,
              "height": 113.14285714285714,
              "marginRight": 35.199999999999996,
              "marginTop": 27.65714285714286,
              "width": 490.2857142857143,
            }
          }
        >
          <Text
            style={
              Object {
                "fontSize": 25.142857142857142,
                "marginLeft": 25.142857142857142,
                "marginTop": 17.599999999999998,
                "textDecorationColor": "rgb(109,109,109)",
              }
            }
          >
             
            Sarah Jane
          </Text>
          <Text
            style={
              Object {
                "fontSize": 41.48571428571428,
                "marginLeft": 25.142857142857142,
                "marginTop": 2.5142857142857142,
                "textDecorationColor": "rgb(109,109,109)",
              }
            }
          >
            Bag no. MSP14523
          </Text>
        </View>
        <View
          style={
            Object {
              "alignItems": "center",
              "backgroundColor": "rgb(200,247,254)",
              "borderRadius": 20.114285714285714,
              "height": 490.2857142857143,
              "justifyContent": "flex-end",
              "marginRight": 40.22857142857143,
              "marginTop": 37.714285714285715,
              "width": 477.7142857142857,
            }
          }
        >
          <View
            style={
              Array [
                Object {
                  "borderRadius": 0,
                  "overflow": "hidden",
                },
                Object {
                  "height": undefined,
                  "width": undefined,
                },
                Object {
                  "borderRadius": 8,
                },
              ]
            }
          >
            <View>
              <TouchableOpacity
                activeOpacity={0.2}
              >
                <Image
                  source={
                    Object {
                      "testUri": "../../../app/assets/images/addimage.png",
                    }
                  }
                  style={
                    Object {
                      "marginLeft": 30.17142857142857,
                    }
                  }
                />
              </TouchableOpacity>
              <Text
                style={
                  Object {
                    "fontSize": 30.17142857142857,
                    "marginBottom": 30.17142857142857,
                    "marginTop": 130.74285714285713,
                    "textDecorationColor": "rgb(36,106,116)",
                  }
                }
              >
                 
                Add Bag photo
              </Text>
            </View>
          </View>
        </View>
        <View
          style={
            Object {
              "backgroundColor": "rgb(255,255,255)",
              "borderRadius": 6.285714285714286,
              "height": 52.8,
              "marginRight": 49.78285714285714,
              "marginTop": 25.142857142857142,
              "width": 452.57142857142856,
            }
          }
        >
          <Text
            style={
              Object {
                "marginLeft": 17.599999999999998,
                "marginTop": 12.571428571428571,
                "textDecorationColor": "rgba(0,0,0,0.65)",
              }
            }
          >
             
            Select state of bag
          </Text>
          <View
            style={
              Object {
                "flex": 1,
              }
            }
          >
            <View>
              <TouchableWithoutFeedback
                disabled={false}
                hitSlop={
                  Object {
                    "bottom": 6,
                    "left": 4,
                    "right": 4,
                    "top": 6,
                  }
                }
              >
                <View
                  pointerEvents="box-only"
                >
                  <View
                    pointerEvents="none"
                  >
                    <View
                      style={
                        Object {
                          "backgroundColor": "transparent",
                          "borderBottomColor": "rgba(0, 0, 0, 0.38)",
                          "borderBottomWidth": 0.5,
                          "height": 63,
                          "paddingBottom": 8,
                          "paddingTop": 31,
                        }
                      }
                    >
                      <View
                        style={
                          Object {
                            "position": "absolute",
                            "top": 35,
                          }
                        }
                      >
                        <Text
                          numberOfLines={1}
                          style={
                            Object {
                              "color": "rgba(0, 0, 0, 0.38)",
                              "fontSize": 16,
                            }
                          }
                        >
                          
                        </Text>
                      </View>
                      <View
                        style={
                          Object {
                            "flexDirection": "row",
                          }
                        }
                      >
                        <TextInput
                          absoluteRTLLayout={false}
                          allowFontScaling={true}
                          autoCapitalize="sentences"
                          data={
                            Array [
                              Object {
                                "value": "Bag damaged",
                              },
                              Object {
                                "value": "Bag dirty",
                              },
                              Object {
                                "value": "Icepack missing",
                              },
                              Object {
                                "value": "Icepack missed",
                              },
                            ]
                          }
                          disableFullscreenUI={true}
                          dropdownMargins={
                            Object {
                              "max": 16,
                              "min": 8,
                            }
                          }
                          dropdownOffset={
                            Object {
                              "left": 0,
                              "top": 32,
                            }
                          }
                          editable={false}
                          itemColor="rgba(0, 0, 0, .54)"
                          itemCount={4}
                          itemPadding={8}
                          rejectResponderTermination={true}
                          rippleDuration={400}
                          selectionColor="rgb(0, 145, 234)"
                          shadeOpacity={0.12}
                          style={
                            Array [
                              Object {
                                "flex": 1,
                                "margin": 0,
                                "padding": 0,
                                "top": 2,
                              },
                              Object {
                                "color": "rgba(0, 0, 0, .87)",
                                "fontSize": 16,
                                "height": 24,
                                "textAlign": "left",
                              },
                              Object {
                                "alignItems": "center",
                                "fontSize": 22.628571428571426,
                                "height": 125.71428571428571,
                                "justifyContent": "center",
                                "marginBottom": 251.42857142857142,
                                "width": 251.42857142857142,
                              },
                            ]
                          }
                          underlineColorAndroid="transparent"
                          useNativeDriver={false}
                          value=""
                        />
                        <View
                          style={
                            Object {
                              "alignSelf": "flex-start",
                              "justifyContent": "center",
                              "top": 2,
                            }
                          }
                        >
                          <View
                            style={
                              Object {
                                "alignItems": "center",
                                "height": 24,
                                "justifyContent": "center",
                                "width": 24,
                              }
                            }
                          >
                            <View
                              style={
                                Object {
                                  "alignItems": "center",
                                  "backgroundColor": "transparent",
                                  "height": 6,
                                  "overflow": "hidden",
                                  "width": 12,
                                }
                              }
                            >
                              <View
                                style={
                                  Array [
                                    Object {
                                      "height": 8,
                                      "transform": Array [
                                        Object {
                                          "translateY": -4,
                                        },
                                        Object {
                                          "rotate": "45deg",
                                        },
                                      ],
                                      "width": 8,
                                    },
                                    Object {
                                      "backgroundColor": "rgba(0, 0, 0, .38)",
                                    },
                                  ]
                                }
                              />
                            </View>
                          </View>
                        </View>
                      </View>
                    </View>
                    <View
                      style={
                        Object {
                          "flexDirection": "row",
                          "height": 8,
                        }
                      }
                    >
                      <View
                        style={
                          Object {
                            "flex": 1,
                          }
                        }
                      >
                        <View
                          style={
                            Object {
                              "alignItems": "flex-start",
                              "bottom": 0,
                              "left": 0,
                              "paddingVertical": 4,
                              "position": "absolute",
                              "right": 0,
                              "top": 0,
                            }
                          }
                        >
                          <Text
                            numberOfLines={1}
                            style={
                              Object {
                                "backgroundColor": "transparent",
                                "color": "rgb(213, 0, 0)",
                                "fontSize": 0,
                                "opacity": 0,
                              }
                            }
                          />
                        </View>
                        <View
                          style={
                            Object {
                              "alignItems": "flex-start",
                              "bottom": 0,
                              "left": 0,
                              "paddingVertical": 4,
                              "position": "absolute",
                              "right": 0,
                              "top": 0,
                            }
                          }
                        >
                          <Text
                            numberOfLines={1}
                            style={
                              Object {
                                "backgroundColor": "transparent",
                                "color": "rgba(0, 0, 0, .38)",
                                "fontSize": 12,
                                "opacity": 1,
                              }
                            }
                          />
                        </View>
                      </View>
                    </View>
                  </View>
                  <TouchableWithoutFeedback
                    disabled={false}
                  >
                    <View
                      pointerEvents="box-only"
                      rippleCentered={false}
                      rippleColor="rgba(0, 0, 0, .38)"
                      rippleDuration={400}
                      rippleFades={true}
                      rippleOpacity={0.54}
                      rippleSequential={true}
                      rippleSize={0}
                      style={
                        Object {
                          "height": 48,
                          "left": 0,
                          "position": "absolute",
                          "right": 0,
                          "top": 16,
                        }
                      }
                    >
                      <View
                        style={
                          Array [
                            Object {
                              "backgroundColor": "transparent",
                              "bottom": 0,
                              "left": 0,
                              "overflow": "hidden",
                              "position": "absolute",
                              "right": 0,
                              "top": 0,
                            },
                            Object {
                              "borderRadius": 0,
                            },
                          ]
                        }
                      />
                    </View>
                  </TouchableWithoutFeedback>
                </View>
              </TouchableWithoutFeedback>
              <Modal
                hardwareAccelerated={false}
                supportedOrientations={
                  Array [
                    "portrait",
                    "portrait-upside-down",
                    "landscape",
                    "landscape-left",
                    "landscape-right",
                  ]
                }
                transparent={true}
                visible={false}
              >
                <View
                  style={
                    Object {
                      "bottom": 0,
                      "left": 0,
                      "opacity": 0,
                      "position": "absolute",
                      "right": 0,
                      "top": 0,
                    }
                  }
                >
                  <View
                    style={
                      Array [
                        Object {
                          "backgroundColor": "rgba(255, 255, 255, 1.0)",
                          "borderRadius": 2,
                          "position": "absolute",
                          "shadowColor": "rgba(0, 0, 0, 1.0)",
                          "shadowOffset": Object {
                            "height": 2,
                            "width": 0,
                          },
                          "shadowOpacity": 0.54,
                          "shadowRadius": 2,
                        },
                        Object {
                          "height": 176,
                          "left": undefined,
                          "top": undefined,
                          "transform": Array [
                            Object {
                              "translateY": -48,
                            },
                          ],
                          "width": undefined,
                        },
                        undefined,
                      ]
                    }
                  >
                    <ScrollView
                      contentContainerStyle={
                        Object {
                          "paddingVertical": 8,
                        }
                      }
                      data={
                        Array [
                          Object {
                            "value": "Bag damaged",
                          },
                          Object {
                            "value": "Bag dirty",
                          },
                          Object {
                            "value": "Icepack missing",
                          },
                          Object {
                            "value": "Icepack missed",
                          },
                        ]
                      }
                      disableVirtualization={false}
                      horizontal={false}
                      initialNumToRender={10}
                      maxToRenderPerBatch={10}
                      numColumns={1}
                      onEndReachedThreshold={2}
                      removeClippedSubviews={false}
                      scrollEnabled={false}
                      scrollEventThrottle={50}
                      stickyHeaderIndices={Array []}
                      style={
                        Object {
                          "borderRadius": 2,
                          "flex": 1,
                        }
                      }
                      updateCellsBatchingPeriod={50}
                      viewabilityConfigCallbackPairs={Array []}
                      windowSize={21}
                    >
                      <View
                        style={null}
                      >
                        <TouchableWithoutFeedback
                          disabled={false}
                          hitSlop={
                            Object {
                              "bottom": 6,
                              "left": 4,
                              "right": 4,
                              "top": 6,
                            }
                          }
                        >
                          <View
                            focusAnimation={null}
                            focusAnimationDuration={225}
                            pointerEvents="box-only"
                            rippleCentered={false}
                            rippleColor="rgba(0, 0, 0, .38)"
                            rippleDuration={400}
                            rippleFades={true}
                            rippleOpacity={0.54}
                            rippleSequential={true}
                            rippleSize={0}
                            style={
                              Object {
                                "backgroundColor": "transparent",
                                "borderRadius": 0,
                                "height": 40,
                                "justifyContent": "center",
                                "paddingLeft": undefined,
                                "paddingRight": undefined,
                                "paddingVertical": 8,
                              }
                            }
                          >
                            <Text
                              numberOfLines={1}
                              style={
                                Array [
                                  Object {
                                    "textAlign": "left",
                                  },
                                  undefined,
                                  Object {
                                    "color": "rgba(0, 0, 0, .87)",
                                    "fontSize": 16,
                                  },
                                ]
                              }
                            >
                              Bag damaged
                            </Text>
                            <View
                              style={
                                Object {
                                  "backgroundColor": "rgba(0, 0, 0, .38)",
                                  "borderRadius": 0,
                                  "bottom": 0,
                                  "left": 0,
                                  "opacity": 0,
                                  "position": "absolute",
                                  "right": 0,
                                  "top": 0,
                                }
                              }
                            />
                            <View
                              style={
                                Array [
                                  Object {
                                    "backgroundColor": "transparent",
                                    "bottom": 0,
                                    "left": 0,
                                    "overflow": "hidden",
                                    "position": "absolute",
                                    "right": 0,
                                    "top": 0,
                                  },
                                  Object {
                                    "borderRadius": 0,
                                  },
                                ]
                              }
                            />
                          </View>
                        </TouchableWithoutFeedback>
                      </View>
                      <View
                        style={null}
                      >
                        <TouchableWithoutFeedback
                          disabled={false}
                          hitSlop={
                            Object {
                              "bottom": 6,
                              "left": 4,
                              "right": 4,
                              "top": 6,
                            }
                          }
                        >
                          <View
                            focusAnimation={null}
                            focusAnimationDuration={225}
                            pointerEvents="box-only"
                            rippleCentered={false}
                            rippleColor="rgba(0, 0, 0, .38)"
                            rippleDuration={400}
                            rippleFades={true}
                            rippleOpacity={0.54}
                            rippleSequential={true}
                            rippleSize={0}
                            style={
                              Object {
                                "backgroundColor": "transparent",
                                "borderRadius": 0,
                                "height": 40,
                                "justifyContent": "center",
                                "paddingLeft": undefined,
                                "paddingRight": undefined,
                                "paddingVertical": 8,
                              }
                            }
                          >
                            <Text
                              numberOfLines={1}
                              style={
                                Array [
                                  Object {
                                    "textAlign": "left",
                                  },
                                  undefined,
                                  Object {
                                    "color": "rgba(0, 0, 0, .87)",
                                    "fontSize": 16,
                                  },
                                ]
                              }
                            >
                              Bag dirty
                            </Text>
                            <View
                              style={
                                Object {
                                  "backgroundColor": "rgba(0, 0, 0, .38)",
                                  "borderRadius": 0,
                                  "bottom": 0,
                                  "left": 0,
                                  "opacity": 0,
                                  "position": "absolute",
                                  "right": 0,
                                  "top": 0,
                                }
                              }
                            />
                            <View
                              style={
                                Array [
                                  Object {
                                    "backgroundColor": "transparent",
                                    "bottom": 0,
                                    "left": 0,
                                    "overflow": "hidden",
                                    "position": "absolute",
                                    "right": 0,
                                    "top": 0,
                                  },
                                  Object {
                                    "borderRadius": 0,
                                  },
                                ]
                              }
                            />
                          </View>
                        </TouchableWithoutFeedback>
                      </View>
                      <View
                        style={null}
                      >
                        <TouchableWithoutFeedback
                          disabled={false}
                          hitSlop={
                            Object {
                              "bottom": 6,
                              "left": 4,
                              "right": 4,
                              "top": 6,
                            }
                          }
                        >
                          <View
                            focusAnimation={null}
                            focusAnimationDuration={225}
                            pointerEvents="box-only"
                            rippleCentered={false}
                            rippleColor="rgba(0, 0, 0, .38)"
                            rippleDuration={400}
                            rippleFades={true}
                            rippleOpacity={0.54}
                            rippleSequential={true}
                            rippleSize={0}
                            style={
                              Object {
                                "backgroundColor": "transparent",
                                "borderRadius": 0,
                                "height": 40,
                                "justifyContent": "center",
                                "paddingLeft": undefined,
                                "paddingRight": undefined,
                                "paddingVertical": 8,
                              }
                            }
                          >
                            <Text
                              numberOfLines={1}
                              style={
                                Array [
                                  Object {
                                    "textAlign": "left",
                                  },
                                  undefined,
                                  Object {
                                    "color": "rgba(0, 0, 0, .87)",
                                    "fontSize": 16,
                                  },
                                ]
                              }
                            >
                              Icepack missing
                            </Text>
                            <View
                              style={
                                Object {
                                  "backgroundColor": "rgba(0, 0, 0, .38)",
                                  "borderRadius": 0,
                                  "bottom": 0,
                                  "left": 0,
                                  "opacity": 0,
                                  "position": "absolute",
                                  "right": 0,
                                  "top": 0,
                                }
                              }
                            />
                            <View
                              style={
                                Array [
                                  Object {
                                    "backgroundColor": "transparent",
                                    "bottom": 0,
                                    "left": 0,
                                    "overflow": "hidden",
                                    "position": "absolute",
                                    "right": 0,
                                    "top": 0,
                                  },
                                  Object {
                                    "borderRadius": 0,
                                  },
                                ]
                              }
                            />
                          </View>
                        </TouchableWithoutFeedback>
                      </View>
                      <View
                        style={null}
                      >
                        <TouchableWithoutFeedback
                          disabled={false}
                          hitSlop={
                            Object {
                              "bottom": 6,
                              "left": 4,
                              "right": 4,
                              "top": 6,
                            }
                          }
                        >
                          <View
                            focusAnimation={null}
                            focusAnimationDuration={225}
                            pointerEvents="box-only"
                            rippleCentered={false}
                            rippleColor="rgba(0, 0, 0, .38)"
                            rippleDuration={400}
                            rippleFades={true}
                            rippleOpacity={0.54}
                            rippleSequential={true}
                            rippleSize={0}
                            style={
                              Object {
                                "backgroundColor": "transparent",
                                "borderRadius": 0,
                                "height": 40,
                                "justifyContent": "center",
                                "paddingLeft": undefined,
                                "paddingRight": undefined,
                                "paddingVertical": 8,
                              }
                            }
                          >
                            <Text
                              numberOfLines={1}
                              style={
                                Array [
                                  Object {
                                    "textAlign": "left",
                                  },
                                  undefined,
                                  Object {
                                    "color": "rgba(0, 0, 0, .87)",
                                    "fontSize": 16,
                                  },
                                ]
                              }
                            >
                              Icepack missed
                            </Text>
                            <View
                              style={
                                Object {
                                  "backgroundColor": "rgba(0, 0, 0, .38)",
                                  "borderRadius": 0,
                                  "bottom": 0,
                                  "left": 0,
                                  "opacity": 0,
                                  "position": "absolute",
                                  "right": 0,
                                  "top": 0,
                                }
                              }
                            />
                            <View
                              style={
                                Array [
                                  Object {
                                    "backgroundColor": "transparent",
                                    "bottom": 0,
                                    "left": 0,
                                    "overflow": "hidden",
                                    "position": "absolute",
                                    "right": 0,
                                    "top": 0,
                                  },
                                  Object {
                                    "borderRadius": 0,
                                  },
                                ]
                              }
                            />
                          </View>
                        </TouchableWithoutFeedback>
                      </View>
                    </ScrollView>
                  </View>
                </View>
              </Modal>
            </View>
          </View>
        </View>
        <View>
          <TouchableOpacity
            activeOpacity={0.2}
            disabled={true}
            style={
              Object {
                "alignItems": "center",
                "backgroundColor": "rgb(36,106,116)",
                "borderRadius": 17.348571428571425,
                "borderTopColor": "rgba(19,43,46,0.83)",
                "elevation": 20,
                "height": 80.45714285714286,
                "justifyContent": "center",
                "marginBottom": 80.45714285714286,
                "marginRight": 32.68571428571428,
                "marginTop": 37.714285714285715,
                "shadowColor": "rgb(255,255,255)",
                "shadowOffset": Object {
                  "height": 10,
                  "width": 0,
                },
                "shadowOpacity": 0.35,
                "shadowRadius": 13.16,
                "width": 502.85714285714283,
                "zIndex": 100,
              }
            }
            testID="pick-up-details-button"
          >
            <Text
              style={
                Object {
                  "color": "rgb(255,255,255)",
                  "fontSize": 28.160000000000004,
                  "textAlign": "center",
                }
              }
            >
              Mark as picked
            </Text>
          </TouchableOpacity>
        </View>
      </View>
    </View>
  </View>
</View>
`;
