// Jest Snapshot v1, https://goo.gl/fbAQLP

exports[`<LoginScreen /> should render and match the snapshot 1`] = `
<View
  pointerEvents="box-none"
  style={
    Object {
      "flex": 1,
    }
  }
>
  <View
    collapsable={true}
    pointerEvents="box-none"
    style={
      Object {
        "flex": 1,
      }
    }
  >
    <View
      accessibilityIgnoresInvertColors={true}
      style={
        Object {
          "alignItems": "center",
          "flex": 1,
          "flexDirection": "column",
          "justifyContent": "center",
          "opacity": 0.94,
        }
      }
    >
      <Image
        source={
          Object {
            "testUri": "../../../app/assets/images/loginbg.jpg",
          }
        }
        style={
          Array [
            Object {
              "bottom": 0,
              "left": 0,
              "position": "absolute",
              "right": 0,
              "top": 0,
            },
            Object {
              "height": undefined,
              "width": undefined,
            },
            undefined,
          ]
        }
      />
      <TouchableWithoutFeedback>
        <View
          style={
            Object {
              "alignItems": "center",
              "flex": 1,
              "justifyContent": "center",
            }
          }
        >
          <View
            style={
              Object {
                "bottom": 0,
              }
            }
          >
            <View>
              <View>
                <Image
                  source={
                    Object {
                      "testUri": "../../../app/assets/images/imgMspLogo.png",
                    }
                  }
                  style={
                    Object {
                      "alignItems": "center",
                      "justifyContent": "flex-start",
                      "marginBottom": 25.142857142857142,
                      "marginLeft": 143.31428571428572,
                      "marginRight": 138.28571428571428,
                      "marginTop": 78.69714285714285,
                    }
                  }
                />
              </View>
              <View
                style={
                  Object {
                    "alignItems": "flex-end",
                    "height": 402.2857142857143,
                    "justifyContent": "center",
                    "marginBottom": 59.839999999999996,
                    "marginLeft": 176,
                    "marginTop": 20.365714285714287,
                    "width": 391.22285714285715,
                  }
                }
              >
                <Image
                  source={
                    Object {
                      "testUri": "../../../app/assets/images/illoDeliveryBoy.png",
                    }
                  }
                />
              </View>
            </View>
            <View>
              <View>
                <Image
                  source={
                    Object {
                      "testUri": "../../../app/assets/images/username.png",
                    }
                  }
                  style={
                    Object {
                      "borderColor": "rgb(255,255,255)",
                      "bottom": 7.794285714285714,
                      "height": 27.154285714285717,
                      "justifyContent": "center",
                      "left": 0,
                      "marginLeft": 75.42857142857143,
                      "opacity": 0.94,
                      "position": "absolute",
                      "right": 15.84,
                      "width": 22.880000000000003,
                    }
                  }
                />
                <TextInput
                  allowFontScaling={true}
                  placeholder="Enter your email address"
                  placeholderTextColor="rgb(255,255,255)"
                  rejectResponderTermination={true}
                  returnKeyType="next"
                  style={
                    Object {
                      "backgroundColor": "transparent",
                      "borderBottomColor": "rgb(255,255,255)",
                      "borderBottomWidth": 1,
                      "color": "rgb(255,255,255)",
                      "fontSize": 21.874285714285715,
                      "marginLeft": 75.42857142857143,
                      "marginTop": 45.50857142857143,
                      "opacity": 0.94,
                      "paddingBottom": null,
                      "paddingLeft": 40.73142857142857,
                      "position": "relative",
                      "width": 427.42857142857144,
                      "zIndex": 30,
                    }
                  }
                  testID="log-in-screen-text-input"
                  underlineColorAndroid="transparent"
                  value=""
                />
              </View>
              <View />
              <View
                behavior="position"
              >
                <Image
                  source={
                    Object {
                      "testUri": "../../../app/assets/images/password.png",
                    }
                  }
                  style={
                    Object {
                      "borderColor": "rgb(255,255,255)",
                      "bottom": 7.794285714285714,
                      "height": 27.154285714285717,
                      "justifyContent": "center",
                      "left": 0,
                      "marginLeft": 75.42857142857143,
                      "opacity": 0.94,
                      "position": "absolute",
                      "right": 15.84,
                      "width": 22.880000000000003,
                    }
                  }
                />
                <TextInput
                  allowFontScaling={true}
                  placeholder="Enter password"
                  placeholderTextColor="rgb(255,255,255)"
                  rejectResponderTermination={true}
                  returnKeyType="go"
                  secureTextEntry={true}
                  style={
                    Object {
                      "backgroundColor": "transparent",
                      "borderBottomColor": "rgb(255,255,255)",
                      "borderBottomWidth": 1,
                      "color": "rgb(255,255,255)",
                      "fontSize": 21.874285714285715,
                      "marginLeft": 75.42857142857143,
                      "marginTop": 45.50857142857143,
                      "opacity": 0.94,
                      "paddingBottom": null,
                      "paddingLeft": 40.73142857142857,
                      "position": "relative",
                      "width": 427.42857142857144,
                      "zIndex": 30,
                    }
                  }
                  testID="log-in-screen-text-input"
                  underlineColorAndroid="transparent"
                  value=""
                />
              </View>
              <View />
              <View
                style={
                  Object {
                    "alignItems": "center",
                    "backgroundColor": "rgb(36,106,116)",
                    "borderRadius": 17.348571428571425,
                    "borderTopColor": "rgba(19,43,46,0.83)",
                    "height": 75.42857142857143,
                    "justifyContent": "center",
                    "marginBottom": 81.71428571428572,
                    "marginLeft": 45.25714285714285,
                    "marginTop": 76.93714285714286,
                    "width": 487.77142857142854,
                    "zIndex": 100,
                  }
                }
              >
                <TouchableOpacity
                  activeOpacity={0.2}
                >
                  <Text
                    style={
                      Object {
                        "color": "rgb(255,255,255)",
                        "fontSize": 28.160000000000004,
                        "textAlign": "center",
                      }
                    }
                  >
                    Login
                  </Text>
                </TouchableOpacity>
              </View>
            </View>
          </View>
        </View>
      </TouchableWithoutFeedback>
    </View>
  </View>
</View>
`;
